[     424ms] [INFO] %cDownload the React DevTools for a better development experience: https://react.dev/link/react-devtools font-weight:bold @ http://localhost:3000/_next/static/chunks/9d731_next_dist_80a41f3e._.js:2297
[     545ms] [LOG] [HMR] connected @ http://localhost:3000/_next/static/chunks/9d731_next_dist_80a41f3e._.js:2297
[     573ms] [ERROR] ./components/ai-assistant.tsx:372:95
Parsing ecmascript source code failed
  370 |           {PUBLIC_SAFE_MODE
  371 |             ? 'Ask the assistant general questions.'
> 372 |             : 'Chat with me about my hobbies, favorite foods, travel stories, or anything you're curious about — I'll reply casually and may ask a follow-up!'}
      |                                                                                               ^^
  373 |         </p>
  374 |
  375 |         <div 

Expected '</', got 'ident'

Import traces:
  Client Component Browser:
    ./components/ai-assistant.tsx [Client Component Browser]
    ./app/page.tsx [Client Component Browser]
    ./app/page.tsx [Server Component]

  Client Component SSR:
    ./components/ai-assistant.tsx [Client Component SSR]
    ./app/page.tsx [Client Component SSR]
    ./app/page.tsx [Server Component] @ http://localhost:3000/_next/static/chunks/9d731_next_dist_80a41f3e._.js:3127
[     574ms] [ERROR] ./components/ai-assistant.tsx:372:95
Parsing ecmascript source code failed
  370 |           {PUBLIC_SAFE_MODE
  371 |             ? 'Ask the assistant general questions.'
> 372 |             : 'Chat with me about my hobbies, favorite foods, travel stories, or anything you're curious about — I'll reply casually and may ask a follow-up!'}
      |                                                                                               ^^
  373 |         </p>
  374 |
  375 |         <div 

Expected '</', got 'ident'

Import traces:
  Client Component Browser:
    ./components/ai-assistant.tsx [Client Component Browser]
    ./app/page.tsx [Client Component Browser]
    ./app/page.tsx [Server Component]

  Client Component SSR:
    ./components/ai-assistant.tsx [Client Component SSR]
    ./app/page.tsx [Client Component SSR]
    ./app/page.tsx [Server Component] @ http://localhost:3000/_next/static/chunks/9d731_next_dist_80a41f3e._.js:3127
[     681ms] [ERROR] ./components/ai-assistant.tsx:372:95
Parsing ecmascript source code failed
  370 |           {PUBLIC_SAFE_MODE
  371 |             ? 'Ask the assistant general questions.'
> 372 |             : 'Chat with me about my hobbies, favorite foods, travel stories, or anything you're curious about — I'll reply casually and may ask a follow-up!'}
      |                                                                                               ^^
  373 |         </p>
  374 |
  375 |         <div 

Expected '</', got 'ident'

Import traces:
  Client Component Browser:
    ./components/ai-assistant.tsx [Client Component Browser]
    ./app/page.tsx [Client Component Browser]
    ./app/page.tsx [Server Component]

  Client Component SSR:
    ./components/ai-assistant.tsx [Client Component SSR]
    ./app/page.tsx [Client Component SSR]
    ./app/page.tsx [Server Component] @ http://localhost:3000/_next/static/chunks/9d731_next_dist_80a41f3e._.js:3127
[     698ms] [LOG] [Fast Refresh] rebuilding @ http://localhost:3000/_next/static/chunks/9d731_next_dist_80a41f3e._.js:2297
[     774ms] [WARNING] Image with src "/images/food/kamakura-egg-rice.jpg" was detected as the Largest Contentful Paint (LCP). Please add the `loading="eager"` property if this image is above the fold.
Read more: https://nextjs.org/docs/app/api-reference/components/image#loading @ http://localhost:3000/_next/static/chunks/9d731_next_dist_80a41f3e._.js:2297
[     841ms] [ERROR] ./components/ai-assistant.tsx:372:95
Parsing ecmascript source code failed
  370 |           {PUBLIC_SAFE_MODE
  371 |             ? 'Ask the assistant general questions.'
> 372 |             : 'Chat with me about my hobbies, favorite foods, travel stories, or anything you're curious about — I'll reply casually and may ask a follow-up!'}
      |                                                                                               ^^
  373 |         </p>
  374 |
  375 |         <div 

Expected '</', got 'ident'

Import traces:
  Client Component Browser:
    ./components/ai-assistant.tsx [Client Component Browser]
    ./app/page.tsx [Client Component Browser]
    ./app/page.tsx [Server Component]

  Client Component SSR:
    ./components/ai-assistant.tsx [Client Component SSR]
    ./app/page.tsx [Client Component SSR]
    ./app/page.tsx [Server Component] @ http://localhost:3000/_next/static/chunks/9d731_next_dist_80a41f3e._.js:3127
[     870ms] [WARNING] Image with src "/images/food/kamakura-egg-rice.jpg" has "fill" but is missing "sizes" prop. Please add it to improve page performance. Read more: https://nextjs.org/docs/api-reference/next/image#sizes @ http://localhost:3000/_next/static/chunks/9d731_next_dist_80a41f3e._.js:2297
[     870ms] [WARNING] Image with src "/images/food/chiba-kutta-kaisen-don.jpg" has "fill" but is missing "sizes" prop. Please add it to improve page performance. Read more: https://nextjs.org/docs/api-reference/next/image#sizes @ http://localhost:3000/_next/static/chunks/9d731_next_dist_80a41f3e._.js:2297
[     870ms] [WARNING] Image with src "/images/food/miyazaki-gyutan-don-set.jpg" has "fill" but is missing "sizes" prop. Please add it to improve page performance. Read more: https://nextjs.org/docs/api-reference/next/image#sizes @ http://localhost:3000/_next/static/chunks/9d731_next_dist_80a41f3e._.js:2297
[     870ms] [WARNING] Image with src "/images/food/enoshima-anmitsu.jpg" has "fill" but is missing "sizes" prop. Please add it to improve page performance. Read more: https://nextjs.org/docs/api-reference/next/image#sizes @ http://localhost:3000/_next/static/chunks/9d731_next_dist_80a41f3e._.js:2297
[     870ms] [WARNING] Image with src "/images/Japan/otaru-hokkaido-japan1.jpg" has "fill" but is missing "sizes" prop. Please add it to improve page performance. Read more: https://nextjs.org/docs/api-reference/next/image#sizes @ http://localhost:3000/_next/static/chunks/9d731_next_dist_80a41f3e._.js:2297
[     871ms] [WARNING] Image with src "/images/Japan/kumamoto-aso.jpg" has "fill" but is missing "sizes" prop. Please add it to improve page performance. Read more: https://nextjs.org/docs/api-reference/next/image#sizes @ http://localhost:3000/_next/static/chunks/9d731_next_dist_80a41f3e._.js:2297
[     871ms] [WARNING] Image with src "/images/Japan/kusatsu-japan.jpg" has "fill" but is missing "sizes" prop. Please add it to improve page performance. Read more: https://nextjs.org/docs/api-reference/next/image#sizes @ http://localhost:3000/_next/static/chunks/9d731_next_dist_80a41f3e._.js:2297
[     880ms] [WARNING] Image with src "/images/Japan/enoshima.jpg" has "fill" but is missing "sizes" prop. Please add it to improve page performance. Read more: https://nextjs.org/docs/api-reference/next/image#sizes @ http://localhost:3000/_next/static/chunks/9d731_next_dist_80a41f3e._.js:2297
[     896ms] [LOG] [Fast Refresh] rebuilding @ http://localhost:3000/_next/static/chunks/9d731_next_dist_80a41f3e._.js:2297
[     915ms] [WARNING] Image with src "/images/Japan/korankei-aichi.jpg" has "fill" but is missing "sizes" prop. Please add it to improve page performance. Read more: https://nextjs.org/docs/api-reference/next/image#sizes @ http://localhost:3000/_next/static/chunks/9d731_next_dist_80a41f3e._.js:2297
[     932ms] [WARNING] Image with src "/images/Japan/kumamotojyo.jpg" has "fill" but is missing "sizes" prop. Please add it to improve page performance. Read more: https://nextjs.org/docs/api-reference/next/image#sizes @ http://localhost:3000/_next/static/chunks/9d731_next_dist_80a41f3e._.js:2297
[     940ms] [WARNING] Image with src "/images/Japan/kurokawaonsen.jpg" has "fill" but is missing "sizes" prop. Please add it to improve page performance. Read more: https://nextjs.org/docs/api-reference/next/image#sizes @ http://localhost:3000/_next/static/chunks/9d731_next_dist_80a41f3e._.js:2297
[     953ms] [WARNING] Image with src "/images/Japan/miyazaki-moai.jpg" has "fill" but is missing "sizes" prop. Please add it to improve page performance. Read more: https://nextjs.org/docs/api-reference/next/image#sizes @ http://localhost:3000/_next/static/chunks/9d731_next_dist_80a41f3e._.js:2297
[     968ms] [WARNING] Image with src "/images/Japan/starbacks-megro-tokyo.jpg" has "fill" but is missing "sizes" prop. Please add it to improve page performance. Read more: https://nextjs.org/docs/api-reference/next/image#sizes @ http://localhost:3000/_next/static/chunks/9d731_next_dist_80a41f3e._.js:2297
[   18244ms] [LOG] [Fast Refresh] rebuilding @ http://localhost:3000/_next/static/chunks/9d731_next_dist_80a41f3e._.js:2297
[   18324ms] [LOG] [Fast Refresh] done in 171ms @ http://localhost:3000/_next/static/chunks/9d731_next_dist_80a41f3e._.js:2297
[   18434ms] [LOG] [Fast Refresh] rebuilding @ http://localhost:3000/_next/static/chunks/9d731_next_dist_80a41f3e._.js:2297
[   18546ms] [LOG] [Fast Refresh] done in 221ms @ http://localhost:3000/_next/static/chunks/9d731_next_dist_80a41f3e._.js:2297
[   19601ms] [WARNING] Image with src "/images/Australia/LanternFestival-sydney.jpg" has "fill" but is missing "sizes" prop. Please add it to improve page performance. Read more: https://nextjs.org/docs/api-reference/next/image#sizes @ http://localhost:3000/_next/static/chunks/9d731_next_dist_80a41f3e._.js:2297
[   19624ms] [WARNING] Image with src "/images/Australia/bluemountain-sydney.jpg" has "fill" but is missing "sizes" prop. Please add it to improve page performance. Read more: https://nextjs.org/docs/api-reference/next/image#sizes @ http://localhost:3000/_next/static/chunks/9d731_next_dist_80a41f3e._.js:2297
[   19668ms] [WARNING] Image with src "/images/Australia/Art-Gallery-sydney.jpg" has "fill" but is missing "sizes" prop. Please add it to improve page performance. Read more: https://nextjs.org/docs/api-reference/next/image#sizes @ http://localhost:3000/_next/static/chunks/9d731_next_dist_80a41f3e._.js:2297
[   19738ms] [WARNING] Image with src "/images/Australia/market-bondi.jpg" has "fill" but is missing "sizes" prop. Please add it to improve page performance. Read more: https://nextjs.org/docs/api-reference/next/image#sizes @ http://localhost:3000/_next/static/chunks/9d731_next_dist_80a41f3e._.js:2297
[   39142ms] [WARNING] Detected `scroll-behavior: smooth` on the `<html>` element. To disable smooth scrolling during route transitions, add `data-scroll-behavior="smooth"` to your <html> element. Learn more: https://nextjs.org/docs/messages/missing-data-scroll-behavior @ http://localhost:3000/_next/static/chunks/9d731_next_dist_80a41f3e._.js:2297
[  260252ms] [LOG] [Fast Refresh] rebuilding @ http://localhost:3000/_next/static/chunks/9d731_next_dist_80a41f3e._.js:2297
[  260269ms] [LOG] [Fast Refresh] done in 119ms @ http://localhost:3000/_next/static/chunks/9d731_next_dist_80a41f3e._.js:2297
[  260390ms] [INFO] %cDownload the React DevTools for a better development experience: https://react.dev/link/react-devtools font-weight:bold @ http://localhost:3000/_next/static/chunks/9d731_next_dist_80a41f3e._.js:2297
[  260430ms] [LOG] [HMR] connected @ http://localhost:3000/_next/static/chunks/9d731_next_dist_80a41f3e._.js:2297
[  268112ms] [WARNING] Detected `scroll-behavior: smooth` on the `<html>` element. To disable smooth scrolling during route transitions, add `data-scroll-behavior="smooth"` to your <html> element. Learn more: https://nextjs.org/docs/messages/missing-data-scroll-behavior @ http://localhost:3000/_next/static/chunks/9d731_next_dist_80a41f3e._.js:2297
[  268157ms] [WARNING] Image with src "/images/food/chiba-kutta-kaisen-don.jpg" has "fill" but is missing "sizes" prop. Please add it to improve page performance. Read more: https://nextjs.org/docs/api-reference/next/image#sizes @ http://localhost:3000/_next/static/chunks/9d731_next_dist_80a41f3e._.js:2297
[  268173ms] [WARNING] Image with src "/images/food/enoshima-anmitsu.jpg" has "fill" but is missing "sizes" prop. Please add it to improve page performance. Read more: https://nextjs.org/docs/api-reference/next/image#sizes @ http://localhost:3000/_next/static/chunks/9d731_next_dist_80a41f3e._.js:2297
[  268178ms] [WARNING] Image with src "/images/Japan/kumamoto-aso.jpg" has "fill" but is missing "sizes" prop. Please add it to improve page performance. Read more: https://nextjs.org/docs/api-reference/next/image#sizes @ http://localhost:3000/_next/static/chunks/9d731_next_dist_80a41f3e._.js:2297
[  268215ms] [WARNING] Image with src "/images/Japan/otaru-hokkaido-japan1.jpg" has "fill" but is missing "sizes" prop. Please add it to improve page performance. Read more: https://nextjs.org/docs/api-reference/next/image#sizes @ http://localhost:3000/_next/static/chunks/9d731_next_dist_80a41f3e._.js:2297
[  268215ms] [WARNING] Image with src "/images/food/kamakura-egg-rice.jpg" has "fill" but is missing "sizes" prop. Please add it to improve page performance. Read more: https://nextjs.org/docs/api-reference/next/image#sizes @ http://localhost:3000/_next/static/chunks/9d731_next_dist_80a41f3e._.js:2297
[  268215ms] [WARNING] Image with src "/images/food/miyazaki-gyutan-don-set.jpg" has "fill" but is missing "sizes" prop. Please add it to improve page performance. Read more: https://nextjs.org/docs/api-reference/next/image#sizes @ http://localhost:3000/_next/static/chunks/9d731_next_dist_80a41f3e._.js:2297
[  268242ms] [WARNING] Image with src "/images/Japan/kusatsu-japan.jpg" has "fill" but is missing "sizes" prop. Please add it to improve page performance. Read more: https://nextjs.org/docs/api-reference/next/image#sizes @ http://localhost:3000/_next/static/chunks/9d731_next_dist_80a41f3e._.js:2297
[  268255ms] [WARNING] Image with src "/images/Japan/kumamotojyo.jpg" has "fill" but is missing "sizes" prop. Please add it to improve page performance. Read more: https://nextjs.org/docs/api-reference/next/image#sizes @ http://localhost:3000/_next/static/chunks/9d731_next_dist_80a41f3e._.js:2297
[  268261ms] [WARNING] Image with src "/images/Japan/kurokawaonsen.jpg" has "fill" but is missing "sizes" prop. Please add it to improve page performance. Read more: https://nextjs.org/docs/api-reference/next/image#sizes @ http://localhost:3000/_next/static/chunks/9d731_next_dist_80a41f3e._.js:2297
[  268261ms] [WARNING] Image with src "/images/Japan/enoshima.jpg" has "fill" but is missing "sizes" prop. Please add it to improve page performance. Read more: https://nextjs.org/docs/api-reference/next/image#sizes @ http://localhost:3000/_next/static/chunks/9d731_next_dist_80a41f3e._.js:2297
[  268271ms] [WARNING] Image with src "/images/Japan/miyazaki-moai.jpg" has "fill" but is missing "sizes" prop. Please add it to improve page performance. Read more: https://nextjs.org/docs/api-reference/next/image#sizes @ http://localhost:3000/_next/static/chunks/9d731_next_dist_80a41f3e._.js:2297
[  268298ms] [WARNING] Image with src "/images/Japan/korankei-aichi.jpg" has "fill" but is missing "sizes" prop. Please add it to improve page performance. Read more: https://nextjs.org/docs/api-reference/next/image#sizes @ http://localhost:3000/_next/static/chunks/9d731_next_dist_80a41f3e._.js:2297
[  268313ms] [WARNING] Image with src "/images/Japan/starbacks-megro-tokyo.jpg" has "fill" but is missing "sizes" prop. Please add it to improve page performance. Read more: https://nextjs.org/docs/api-reference/next/image#sizes @ http://localhost:3000/_next/static/chunks/9d731_next_dist_80a41f3e._.js:2297
[  273864ms] [WARNING] Image with src "/images/Australia/Art-Gallery-sydney.jpg" has "fill" but is missing "sizes" prop. Please add it to improve page performance. Read more: https://nextjs.org/docs/api-reference/next/image#sizes @ http://localhost:3000/_next/static/chunks/9d731_next_dist_80a41f3e._.js:2297
[  273873ms] [WARNING] Image with src "/images/Australia/LanternFestival-sydney.jpg" has "fill" but is missing "sizes" prop. Please add it to improve page performance. Read more: https://nextjs.org/docs/api-reference/next/image#sizes @ http://localhost:3000/_next/static/chunks/9d731_next_dist_80a41f3e._.js:2297
[  273894ms] [WARNING] Image with src "/images/Australia/bluemountain-sydney.jpg" has "fill" but is missing "sizes" prop. Please add it to improve page performance. Read more: https://nextjs.org/docs/api-reference/next/image#sizes @ http://localhost:3000/_next/static/chunks/9d731_next_dist_80a41f3e._.js:2297
[  273954ms] [WARNING] Image with src "/images/Australia/market-bondi.jpg" has "fill" but is missing "sizes" prop. Please add it to improve page performance. Read more: https://nextjs.org/docs/api-reference/next/image#sizes @ http://localhost:3000/_next/static/chunks/9d731_next_dist_80a41f3e._.js:2297
[  274723ms] [WARNING] Image with src "/images/Australia/royalnationalpark-sydney.jpg" has "fill" but is missing "sizes" prop. Please add it to improve page performance. Read more: https://nextjs.org/docs/api-reference/next/image#sizes @ http://localhost:3000/_next/static/chunks/9d731_next_dist_80a41f3e._.js:2297
[  274732ms] [WARNING] Image with src "/images/Australia/operahouseandhabourbridge-sydney.jpg" has "fill" but is missing "sizes" prop. Please add it to improve page performance. Read more: https://nextjs.org/docs/api-reference/next/image#sizes @ http://localhost:3000/_next/static/chunks/9d731_next_dist_80a41f3e._.js:2297
[  274765ms] [WARNING] Image with src "/images/Australia/sculpturebythesea-bondi.jpg" has "fill" but is missing "sizes" prop. Please add it to improve page performance. Read more: https://nextjs.org/docs/api-reference/next/image#sizes @ http://localhost:3000/_next/static/chunks/9d731_next_dist_80a41f3e._.js:2297
[  274795ms] [WARNING] Image with src "/images/Australia/quokka-perth.jpg" has "fill" but is missing "sizes" prop. Please add it to improve page performance. Read more: https://nextjs.org/docs/api-reference/next/image#sizes @ http://localhost:3000/_next/static/chunks/9d731_next_dist_80a41f3e._.js:2297
[  275146ms] [WARNING] Image with src "/images/Philippines/volunteerworkcebu.jpg" has "fill" but is missing "sizes" prop. Please add it to improve page performance. Read more: https://nextjs.org/docs/api-reference/next/image#sizes @ http://localhost:3000/_next/static/chunks/9d731_next_dist_80a41f3e._.js:2297
[  275154ms] [WARNING] Image with src "/images/Philippines/Parasailing-cebu.jpg" has "fill" but is missing "sizes" prop. Please add it to improve page performance. Read more: https://nextjs.org/docs/api-reference/next/image#sizes @ http://localhost:3000/_next/static/chunks/9d731_next_dist_80a41f3e._.js:2297
[  275170ms] [WARNING] Image with src "/images/Philippines/canyoning-kawasan-cebu.jpg" has "fill" but is missing "sizes" prop. Please add it to improve page performance. Read more: https://nextjs.org/docs/api-reference/next/image#sizes @ http://localhost:3000/_next/static/chunks/9d731_next_dist_80a41f3e._.js:2297
[  275660ms] [WARNING] Image with src "/images/cafe/lune-sydney.jpg" has "fill" but is missing "sizes" prop. Please add it to improve page performance. Read more: https://nextjs.org/docs/api-reference/next/image#sizes @ http://localhost:3000/_next/static/chunks/9d731_next_dist_80a41f3e._.js:2297
[  275691ms] [WARNING] Image with src "/images/cafe/speedoscafe-bondi-sydney.jpg" has "fill" but is missing "sizes" prop. Please add it to improve page performance. Read more: https://nextjs.org/docs/api-reference/next/image#sizes @ http://localhost:3000/_next/static/chunks/9d731_next_dist_80a41f3e._.js:2297
[  275718ms] [WARNING] Image with src "/images/cafe/paramountcoffeeproject-surryhills-sydney.jpg" has "fill" but is missing "sizes" prop. Please add it to improve page performance. Read more: https://nextjs.org/docs/api-reference/next/image#sizes @ http://localhost:3000/_next/static/chunks/9d731_next_dist_80a41f3e._.js:2297
[  275775ms] [WARNING] Image with src "/images/cafe/birichina-cafe-bondi-sydney.jpg" has "fill" but is missing "sizes" prop. Please add it to improve page performance. Read more: https://nextjs.org/docs/api-reference/next/image#sizes @ http://localhost:3000/_next/static/chunks/9d731_next_dist_80a41f3e._.js:2297
[  278111ms] [WARNING] Image with src "/images/cafe/thebrothers-sydney.jpg" has "fill" but is missing "sizes" prop. Please add it to improve page performance. Read more: https://nextjs.org/docs/api-reference/next/image#sizes @ http://localhost:3000/_next/static/chunks/9d731_next_dist_80a41f3e._.js:2297
[  278142ms] [WARNING] Image with src "/images/cafe/theteacosy-therocks-sydney.jpg" has "fill" but is missing "sizes" prop. Please add it to improve page performance. Read more: https://nextjs.org/docs/api-reference/next/image#sizes @ http://localhost:3000/_next/static/chunks/9d731_next_dist_80a41f3e._.js:2297
[  278177ms] [WARNING] Image with src "/images/cafe/bills-surryhills-sydney.jpg" has "fill" but is missing "sizes" prop. Please add it to improve page performance. Read more: https://nextjs.org/docs/api-reference/next/image#sizes @ http://localhost:3000/_next/static/chunks/9d731_next_dist_80a41f3e._.js:2297
[  278243ms] [WARNING] Image with src "/images/cafe/two-good-eggs-cafe-surryhills.jpg" has "fill" but is missing "sizes" prop. Please add it to improve page performance. Read more: https://nextjs.org/docs/api-reference/next/image#sizes @ http://localhost:3000/_next/static/chunks/9d731_next_dist_80a41f3e._.js:2297
[  278277ms] [WARNING] Image with src "/images/cafe/singleo-surryhills-sydney.jpg" has "fill" but is missing "sizes" prop. Please add it to improve page performance. Read more: https://nextjs.org/docs/api-reference/next/image#sizes @ http://localhost:3000/_next/static/chunks/9d731_next_dist_80a41f3e._.js:2297
[  505672ms] [LOG] [Fast Refresh] rebuilding @ http://localhost:3000/_next/static/chunks/9d731_next_dist_80a41f3e._.js:2297
[  505743ms] [LOG] [Fast Refresh] done in 83ms @ http://localhost:3000/_next/static/chunks/9d731_next_dist_80a41f3e._.js:2297
[  570401ms] [LOG] [Fast Refresh] rebuilding @ http://localhost:3000/_next/static/chunks/9d731_next_dist_80a41f3e._.js:2297
[  570535ms] [LOG] [Fast Refresh] done in 243ms @ http://localhost:3000/_next/static/chunks/9d731_next_dist_80a41f3e._.js:2297
