[     457ms] [INFO] %cDownload the React DevTools for a better development experience: https://react.dev/link/react-devtools font-weight:bold @ http://localhost:3000/_next/static/chunks/9d731_next_dist_80a41f3e._.js:2297
[     586ms] [LOG] [HMR] connected @ http://localhost:3000/_next/static/chunks/9d731_next_dist_80a41f3e._.js:2297
[    4899ms] [WARNING] Detected `scroll-behavior: smooth` on the `<html>` element. To disable smooth scrolling during route transitions, add `data-scroll-behavior="smooth"` to your <html> element. Learn more: https://nextjs.org/docs/messages/missing-data-scroll-behavior @ http://localhost:3000/_next/static/chunks/9d731_next_dist_80a41f3e._.js:2297
[    4938ms] [WARNING] Image with src "/images/food/kamakura-egg-rice.jpg" has "fill" but is missing "sizes" prop. Please add it to improve page performance. Read more: https://nextjs.org/docs/api-reference/next/image#sizes @ http://localhost:3000/_next/static/chunks/9d731_next_dist_80a41f3e._.js:2297
[    5001ms] [WARNING] Image with src "/images/food/chiba-kutta-kaisen-don.jpg" has "fill" but is missing "sizes" prop. Please add it to improve page performance. Read more: https://nextjs.org/docs/api-reference/next/image#sizes @ http://localhost:3000/_next/static/chunks/9d731_next_dist_80a41f3e._.js:2297
[    5001ms] [WARNING] Image with src "/images/food/enoshima-anmitsu.jpg" has "fill" but is missing "sizes" prop. Please add it to improve page performance. Read more: https://nextjs.org/docs/api-reference/next/image#sizes @ http://localhost:3000/_next/static/chunks/9d731_next_dist_80a41f3e._.js:2297
[    5001ms] [WARNING] Image with src "/images/Japan/kumamoto-aso.jpg" has "fill" but is missing "sizes" prop. Please add it to improve page performance. Read more: https://nextjs.org/docs/api-reference/next/image#sizes @ http://localhost:3000/_next/static/chunks/9d731_next_dist_80a41f3e._.js:2297
[    5001ms] [WARNING] Image with src "/images/food/miyazaki-gyutan-don-set.jpg" has "fill" but is missing "sizes" prop. Please add it to improve page performance. Read more: https://nextjs.org/docs/api-reference/next/image#sizes @ http://localhost:3000/_next/static/chunks/9d731_next_dist_80a41f3e._.js:2297
[    5001ms] [WARNING] Image with src "/images/Japan/otaru-hokkaido-japan1.jpg" has "fill" but is missing "sizes" prop. Please add it to improve page performance. Read more: https://nextjs.org/docs/api-reference/next/image#sizes @ http://localhost:3000/_next/static/chunks/9d731_next_dist_80a41f3e._.js:2297
[    5001ms] [WARNING] Image with src "/images/Japan/kurokawaonsen.jpg" has "fill" but is missing "sizes" prop. Please add it to improve page performance. Read more: https://nextjs.org/docs/api-reference/next/image#sizes @ http://localhost:3000/_next/static/chunks/9d731_next_dist_80a41f3e._.js:2297
[    5030ms] [WARNING] Image with src "/images/Japan/kusatsu-japan.jpg" has "fill" but is missing "sizes" prop. Please add it to improve page performance. Read more: https://nextjs.org/docs/api-reference/next/image#sizes @ http://localhost:3000/_next/static/chunks/9d731_next_dist_80a41f3e._.js:2297
[    5040ms] [WARNING] Image with src "/images/Japan/miyazaki-moai.jpg" has "fill" but is missing "sizes" prop. Please add it to improve page performance. Read more: https://nextjs.org/docs/api-reference/next/image#sizes @ http://localhost:3000/_next/static/chunks/9d731_next_dist_80a41f3e._.js:2297
[    5041ms] [WARNING] Image with src "/images/Japan/enoshima.jpg" has "fill" but is missing "sizes" prop. Please add it to improve page performance. Read more: https://nextjs.org/docs/api-reference/next/image#sizes @ http://localhost:3000/_next/static/chunks/9d731_next_dist_80a41f3e._.js:2297
[    5053ms] [WARNING] Image with src "/images/Japan/kumamotojyo.jpg" has "fill" but is missing "sizes" prop. Please add it to improve page performance. Read more: https://nextjs.org/docs/api-reference/next/image#sizes @ http://localhost:3000/_next/static/chunks/9d731_next_dist_80a41f3e._.js:2297
[    5079ms] [WARNING] Image with src "/images/Japan/korankei-aichi.jpg" has "fill" but is missing "sizes" prop. Please add it to improve page performance. Read more: https://nextjs.org/docs/api-reference/next/image#sizes @ http://localhost:3000/_next/static/chunks/9d731_next_dist_80a41f3e._.js:2297
[    5093ms] [WARNING] Image with src "/images/Japan/starbacks-megro-tokyo.jpg" has "fill" but is missing "sizes" prop. Please add it to improve page performance. Read more: https://nextjs.org/docs/api-reference/next/image#sizes @ http://localhost:3000/_next/static/chunks/9d731_next_dist_80a41f3e._.js:2297
[    5655ms] [WARNING] Image with src "/images/Australia/LanternFestival-sydney.jpg" has "fill" but is missing "sizes" prop. Please add it to improve page performance. Read more: https://nextjs.org/docs/api-reference/next/image#sizes @ http://localhost:3000/_next/static/chunks/9d731_next_dist_80a41f3e._.js:2297
[    5678ms] [WARNING] Image with src "/images/Australia/bluemountain-sydney.jpg" has "fill" but is missing "sizes" prop. Please add it to improve page performance. Read more: https://nextjs.org/docs/api-reference/next/image#sizes @ http://localhost:3000/_next/static/chunks/9d731_next_dist_80a41f3e._.js:2297
[    5735ms] [WARNING] Image with src "/images/Australia/Art-Gallery-sydney.jpg" has "fill" but is missing "sizes" prop. Please add it to improve page performance. Read more: https://nextjs.org/docs/api-reference/next/image#sizes @ http://localhost:3000/_next/static/chunks/9d731_next_dist_80a41f3e._.js:2297
[    5818ms] [WARNING] Image with src "/images/Australia/market-bondi.jpg" has "fill" but is missing "sizes" prop. Please add it to improve page performance. Read more: https://nextjs.org/docs/api-reference/next/image#sizes @ http://localhost:3000/_next/static/chunks/9d731_next_dist_80a41f3e._.js:2297
[  216945ms] [LOG] [Fast Refresh] rebuilding @ http://localhost:3000/_next/static/chunks/9d731_next_dist_80a41f3e._.js:2297
[  216994ms] [LOG] [Fast Refresh] done in 41ms @ http://localhost:3000/_next/static/chunks/9d731_next_dist_80a41f3e._.js:2297
[  240592ms] [LOG] [Fast Refresh] rebuilding @ http://localhost:3000/_next/static/chunks/9d731_next_dist_80a41f3e._.js:2297
[  240644ms] [LOG] [Fast Refresh] done in 43ms @ http://localhost:3000/_next/static/chunks/9d731_next_dist_80a41f3e._.js:2297
[  252217ms] [LOG] [Fast Refresh] rebuilding @ http://localhost:3000/_next/static/chunks/9d731_next_dist_80a41f3e._.js:2297
[  252279ms] [LOG] [Fast Refresh] done in 92ms @ http://localhost:3000/_next/static/chunks/9d731_next_dist_80a41f3e._.js:2297
[  330772ms] [LOG] [Fast Refresh] rebuilding @ http://localhost:3000/_next/static/chunks/9d731_next_dist_80a41f3e._.js:2297
[  330821ms] [LOG] [Fast Refresh] done in 50ms @ http://localhost:3000/_next/static/chunks/9d731_next_dist_80a41f3e._.js:2297
[  351114ms] [LOG] [Fast Refresh] rebuilding @ http://localhost:3000/_next/static/chunks/9d731_next_dist_80a41f3e._.js:2297
[  351204ms] [LOG] [Fast Refresh] done in 164ms @ http://localhost:3000/_next/static/chunks/9d731_next_dist_80a41f3e._.js:2297
[41525461ms] [LOG] [HMR] connected @ http://localhost:3000/_next/static/chunks/9d731_next_dist_80a41f3e._.js:2297
[41526345ms] [LOG] [Fast Refresh] rebuilding @ http://localhost:3000/_next/static/chunks/9d731_next_dist_80a41f3e._.js:2297
[41526977ms] [LOG] [Fast Refresh] done in 739ms @ http://localhost:3000/_next/static/chunks/9d731_next_dist_80a41f3e._.js:2297
[41527138ms] [LOG] [Fast Refresh] rebuilding @ http://localhost:3000/_next/static/chunks/9d731_next_dist_80a41f3e._.js:2297
[41527532ms] [LOG] [Fast Refresh] done in 288ms @ http://localhost:3000/_next/static/chunks/9d731_next_dist_80a41f3e._.js:2297
