[    1851ms] [INFO] %cDownload the React DevTools for a better development experience: https://react.dev/link/react-devtools font-weight:bold @ http://localhost:3000/_next/static/chunks/9d731_next_dist_80a41f3e._.js:2297
[    2011ms] [LOG] [HMR] connected @ http://localhost:3000/_next/static/chunks/9d731_next_dist_80a41f3e._.js:2297
[  690805ms] [LOG] [Fast Refresh] rebuilding @ http://localhost:3000/_next/static/chunks/9d731_next_dist_80a41f3e._.js:2297
[  690821ms] [LOG] [Fast Refresh] done in 61ms @ http://localhost:3000/_next/static/chunks/9d731_next_dist_80a41f3e._.js:2297
[ 1428299ms] [LOG] [Fast Refresh] rebuilding @ http://localhost:3000/_next/static/chunks/9d731_next_dist_80a41f3e._.js:2297
[ 1428495ms] [LOG] [Fast Refresh] done in 80ms @ http://localhost:3000/_next/static/chunks/9d731_next_dist_80a41f3e._.js:2297
[ 1448286ms] [LOG] [Fast Refresh] rebuilding @ http://localhost:3000/_next/static/chunks/9d731_next_dist_80a41f3e._.js:2297
[ 1448291ms] [LOG] [Fast Refresh] done in 114ms @ http://localhost:3000/_next/static/chunks/9d731_next_dist_80a41f3e._.js:2297
[ 1677575ms] [LOG] [Fast Refresh] rebuilding @ http://localhost:3000/_next/static/chunks/9d731_next_dist_80a41f3e._.js:2297
[ 1677595ms] [LOG] [Fast Refresh] done in 57ms @ http://localhost:3000/_next/static/chunks/9d731_next_dist_80a41f3e._.js:2297
[ 1862713ms] [LOG] [Fast Refresh] rebuilding @ http://localhost:3000/_next/static/chunks/9d731_next_dist_80a41f3e._.js:2297
[ 1862737ms] [LOG] [Fast Refresh] done in 137ms @ http://localhost:3000/_next/static/chunks/9d731_next_dist_80a41f3e._.js:2297
[ 2228076ms] [LOG] [Fast Refresh] rebuilding @ http://localhost:3000/_next/static/chunks/9d731_next_dist_80a41f3e._.js:2297
[ 2228090ms] [LOG] [Fast Refresh] done in 115ms @ http://localhost:3000/_next/static/chunks/9d731_next_dist_80a41f3e._.js:2297
[ 2240681ms] [LOG] [Fast Refresh] rebuilding @ http://localhost:3000/_next/static/chunks/9d731_next_dist_80a41f3e._.js:2297
[ 2240748ms] [LOG] [Fast Refresh] done in 42ms @ http://localhost:3000/_next/static/chunks/9d731_next_dist_80a41f3e._.js:2297
[ 3186937ms] [LOG] [Fast Refresh] rebuilding @ http://localhost:3000/_next/static/chunks/9d731_next_dist_80a41f3e._.js:2297
[ 3186998ms] [LOG] [Fast Refresh] done in 92ms @ http://localhost:3000/_next/static/chunks/9d731_next_dist_80a41f3e._.js:2297
[ 4244162ms] [LOG] [Fast Refresh] rebuilding @ http://localhost:3000/_next/static/chunks/9d731_next_dist_80a41f3e._.js:2297
[ 4244164ms] [LOG] [Fast Refresh] done in 117ms @ http://localhost:3000/_next/static/chunks/9d731_next_dist_80a41f3e._.js:2297
[ 5232202ms] [LOG] [Fast Refresh] rebuilding @ http://localhost:3000/_next/static/chunks/9d731_next_dist_80a41f3e._.js:2297
[ 5232226ms] [LOG] [Fast Refresh] done in 58ms @ http://localhost:3000/_next/static/chunks/9d731_next_dist_80a41f3e._.js:2297
[ 5446293ms] [LOG] [Fast Refresh] rebuilding @ http://localhost:3000/_next/static/chunks/9d731_next_dist_80a41f3e._.js:2297
[ 5446316ms] [LOG] [Fast Refresh] done in 66ms @ http://localhost:3000/_next/static/chunks/9d731_next_dist_80a41f3e._.js:2297
[ 5453525ms] [LOG] [Fast Refresh] rebuilding @ http://localhost:3000/_next/static/chunks/9d731_next_dist_80a41f3e._.js:2297
[ 5453553ms] [LOG] [Fast Refresh] done in 131ms @ http://localhost:3000/_next/static/chunks/9d731_next_dist_80a41f3e._.js:2297
[ 5570908ms] [LOG] [Fast Refresh] rebuilding @ http://localhost:3000/_next/static/chunks/9d731_next_dist_80a41f3e._.js:2297
[ 5570965ms] [LOG] [Fast Refresh] done in 80ms @ http://localhost:3000/_next/static/chunks/9d731_next_dist_80a41f3e._.js:2297
[ 6727970ms] [LOG] [Fast Refresh] rebuilding @ http://localhost:3000/_next/static/chunks/9d731_next_dist_80a41f3e._.js:2297
[ 6728002ms] [LOG] [Fast Refresh] done in 135ms @ http://localhost:3000/_next/static/chunks/9d731_next_dist_80a41f3e._.js:2297
[ 6798238ms] [LOG] [Fast Refresh] rebuilding @ http://localhost:3000/_next/static/chunks/9d731_next_dist_80a41f3e._.js:2297
[ 6798301ms] [LOG] [Fast Refresh] done in 168ms @ http://localhost:3000/_next/static/chunks/9d731_next_dist_80a41f3e._.js:2297
[ 6801960ms] [LOG] [Fast Refresh] rebuilding @ http://localhost:3000/_next/static/chunks/9d731_next_dist_80a41f3e._.js:2297
[ 6801969ms] [LOG] [Fast Refresh] done in 113ms @ http://localhost:3000/_next/static/chunks/9d731_next_dist_80a41f3e._.js:2297
[ 6818721ms] [LOG] [Fast Refresh] rebuilding @ http://localhost:3000/_next/static/chunks/9d731_next_dist_80a41f3e._.js:2297
[ 6818800ms] [LOG] [Fast Refresh] done in 140ms @ http://localhost:3000/_next/static/chunks/9d731_next_dist_80a41f3e._.js:2297
[ 6821284ms] [INFO] %cDownload the React DevTools for a better development experience: https://react.dev/link/react-devtools font-weight:bold @ http://localhost:3000/_next/static/chunks/9d731_next_dist_80a41f3e._.js:2297
[ 6821377ms] [LOG] [HMR] connected @ http://localhost:3000/_next/static/chunks/9d731_next_dist_80a41f3e._.js:2297
[ 6860051ms] [LOG] [Fast Refresh] rebuilding @ http://localhost:3000/_next/static/chunks/9d731_next_dist_80a41f3e._.js:2297
[ 6860099ms] [LOG] [Fast Refresh] done in 112ms @ http://localhost:3000/_next/static/chunks/9d731_next_dist_80a41f3e._.js:2297
[ 6897791ms] [LOG] [Fast Refresh] rebuilding @ http://localhost:3000/_next/static/chunks/9d731_next_dist_80a41f3e._.js:2297
[ 6897853ms] [LOG] [Fast Refresh] done in 168ms @ http://localhost:3000/_next/static/chunks/9d731_next_dist_80a41f3e._.js:2297
[ 6904167ms] [INFO] %cDownload the React DevTools for a better development experience: https://react.dev/link/react-devtools font-weight:bold @ http://localhost:3000/_next/static/chunks/9d731_next_dist_80a41f3e._.js:2297
[ 6904207ms] [LOG] [HMR] connected @ http://localhost:3000/_next/static/chunks/9d731_next_dist_80a41f3e._.js:2297
[ 6921999ms] [LOG] [Fast Refresh] rebuilding @ http://localhost:3000/_next/static/chunks/9d731_next_dist_80a41f3e._.js:2297
[ 6922008ms] [LOG] [Fast Refresh] done in 115ms @ http://localhost:3000/_next/static/chunks/9d731_next_dist_80a41f3e._.js:2297
[ 6922123ms] [WARNING] Detected `scroll-behavior: smooth` on the `<html>` element. To disable smooth scrolling during route transitions, add `data-scroll-behavior="smooth"` to your <html> element. Learn more: https://nextjs.org/docs/messages/missing-data-scroll-behavior @ http://localhost:3000/_next/static/chunks/9d731_next_dist_80a41f3e._.js:2297
[ 6922173ms] [WARNING] Image with src "/images/food/chiba-kutta-kaisen-don.jpg" has "fill" but is missing "sizes" prop. Please add it to improve page performance. Read more: https://nextjs.org/docs/api-reference/next/image#sizes @ http://localhost:3000/_next/static/chunks/9d731_next_dist_80a41f3e._.js:2297
[ 6922174ms] [WARNING] Image with src "/images/Japan/kumamoto-aso.jpg" has "fill" but is missing "sizes" prop. Please add it to improve page performance. Read more: https://nextjs.org/docs/api-reference/next/image#sizes @ http://localhost:3000/_next/static/chunks/9d731_next_dist_80a41f3e._.js:2297
[ 6922174ms] [WARNING] Image with src "/images/food/enoshima-anmitsu.jpg" has "fill" but is missing "sizes" prop. Please add it to improve page performance. Read more: https://nextjs.org/docs/api-reference/next/image#sizes @ http://localhost:3000/_next/static/chunks/9d731_next_dist_80a41f3e._.js:2297
[ 6922189ms] [WARNING] Image with src "/images/food/kamakura-egg-rice.jpg" has "fill" but is missing "sizes" prop. Please add it to improve page performance. Read more: https://nextjs.org/docs/api-reference/next/image#sizes @ http://localhost:3000/_next/static/chunks/9d731_next_dist_80a41f3e._.js:2297
[ 6922227ms] [WARNING] Image with src "/images/food/miyazaki-gyutan-don-set.jpg" has "fill" but is missing "sizes" prop. Please add it to improve page performance. Read more: https://nextjs.org/docs/api-reference/next/image#sizes @ http://localhost:3000/_next/static/chunks/9d731_next_dist_80a41f3e._.js:2297
[ 6922227ms] [WARNING] Image with src "/images/Japan/otaru-hokkaido-japan1.jpg" has "fill" but is missing "sizes" prop. Please add it to improve page performance. Read more: https://nextjs.org/docs/api-reference/next/image#sizes @ http://localhost:3000/_next/static/chunks/9d731_next_dist_80a41f3e._.js:2297
[ 6922227ms] [WARNING] Image with src "/images/Japan/kurokawaonsen.jpg" has "fill" but is missing "sizes" prop. Please add it to improve page performance. Read more: https://nextjs.org/docs/api-reference/next/image#sizes @ http://localhost:3000/_next/static/chunks/9d731_next_dist_80a41f3e._.js:2297
[ 6922237ms] [WARNING] Image with src "/images/Japan/miyazaki-moai.jpg" has "fill" but is missing "sizes" prop. Please add it to improve page performance. Read more: https://nextjs.org/docs/api-reference/next/image#sizes @ http://localhost:3000/_next/static/chunks/9d731_next_dist_80a41f3e._.js:2297
[ 6922251ms] [WARNING] Image with src "/images/Japan/kumamotojyo.jpg" has "fill" but is missing "sizes" prop. Please add it to improve page performance. Read more: https://nextjs.org/docs/api-reference/next/image#sizes @ http://localhost:3000/_next/static/chunks/9d731_next_dist_80a41f3e._.js:2297
[ 6922251ms] [WARNING] Image with src "/images/Japan/enoshima.jpg" has "fill" but is missing "sizes" prop. Please add it to improve page performance. Read more: https://nextjs.org/docs/api-reference/next/image#sizes @ http://localhost:3000/_next/static/chunks/9d731_next_dist_80a41f3e._.js:2297
[ 6922252ms] [WARNING] Image with src "/images/Japan/kusatsu-japan.jpg" has "fill" but is missing "sizes" prop. Please add it to improve page performance. Read more: https://nextjs.org/docs/api-reference/next/image#sizes @ http://localhost:3000/_next/static/chunks/9d731_next_dist_80a41f3e._.js:2297
[ 6922283ms] [WARNING] Image with src "/images/Japan/korankei-aichi.jpg" has "fill" but is missing "sizes" prop. Please add it to improve page performance. Read more: https://nextjs.org/docs/api-reference/next/image#sizes @ http://localhost:3000/_next/static/chunks/9d731_next_dist_80a41f3e._.js:2297
[ 6922297ms] [WARNING] Image with src "/images/Japan/starbacks-megro-tokyo.jpg" has "fill" but is missing "sizes" prop. Please add it to improve page performance. Read more: https://nextjs.org/docs/api-reference/next/image#sizes @ http://localhost:3000/_next/static/chunks/9d731_next_dist_80a41f3e._.js:2297
[ 6923076ms] [WARNING] Image with src "/images/Australia/LanternFestival-sydney.jpg" has "fill" but is missing "sizes" prop. Please add it to improve page performance. Read more: https://nextjs.org/docs/api-reference/next/image#sizes @ http://localhost:3000/_next/static/chunks/9d731_next_dist_80a41f3e._.js:2297
[ 6923098ms] [WARNING] Image with src "/images/Australia/bluemountain-sydney.jpg" has "fill" but is missing "sizes" prop. Please add it to improve page performance. Read more: https://nextjs.org/docs/api-reference/next/image#sizes @ http://localhost:3000/_next/static/chunks/9d731_next_dist_80a41f3e._.js:2297
[ 6923151ms] [WARNING] Image with src "/images/Australia/Art-Gallery-sydney.jpg" has "fill" but is missing "sizes" prop. Please add it to improve page performance. Read more: https://nextjs.org/docs/api-reference/next/image#sizes @ http://localhost:3000/_next/static/chunks/9d731_next_dist_80a41f3e._.js:2297
[ 6923231ms] [WARNING] Image with src "/images/Australia/market-bondi.jpg" has "fill" but is missing "sizes" prop. Please add it to improve page performance. Read more: https://nextjs.org/docs/api-reference/next/image#sizes @ http://localhost:3000/_next/static/chunks/9d731_next_dist_80a41f3e._.js:2297
[ 6923242ms] [WARNING] Image with src "/images/Australia/operahouseandhabourbridge-sydney.jpg" has "fill" but is missing "sizes" prop. Please add it to improve page performance. Read more: https://nextjs.org/docs/api-reference/next/image#sizes @ http://localhost:3000/_next/static/chunks/9d731_next_dist_80a41f3e._.js:2297
[ 6923256ms] [WARNING] Image with src "/images/Australia/quokka-perth.jpg" has "fill" but is missing "sizes" prop. Please add it to improve page performance. Read more: https://nextjs.org/docs/api-reference/next/image#sizes @ http://localhost:3000/_next/static/chunks/9d731_next_dist_80a41f3e._.js:2297
[ 6923285ms] [WARNING] Image with src "/images/Australia/sculpturebythesea-bondi.jpg" has "fill" but is missing "sizes" prop. Please add it to improve page performance. Read more: https://nextjs.org/docs/api-reference/next/image#sizes @ http://localhost:3000/_next/static/chunks/9d731_next_dist_80a41f3e._.js:2297
[ 6923315ms] [WARNING] Image with src "/images/Australia/royalnationalpark-sydney.jpg" has "fill" but is missing "sizes" prop. Please add it to improve page performance. Read more: https://nextjs.org/docs/api-reference/next/image#sizes @ http://localhost:3000/_next/static/chunks/9d731_next_dist_80a41f3e._.js:2297
[ 6923561ms] [WARNING] Image with src "/images/Philippines/Parasailing-cebu.jpg" has "fill" but is missing "sizes" prop. Please add it to improve page performance. Read more: https://nextjs.org/docs/api-reference/next/image#sizes @ http://localhost:3000/_next/static/chunks/9d731_next_dist_80a41f3e._.js:2297
[ 6923578ms] [WARNING] Image with src "/images/Philippines/volunteerworkcebu.jpg" has "fill" but is missing "sizes" prop. Please add it to improve page performance. Read more: https://nextjs.org/docs/api-reference/next/image#sizes @ http://localhost:3000/_next/static/chunks/9d731_next_dist_80a41f3e._.js:2297
[ 6923598ms] [WARNING] Image with src "/images/Philippines/canyoning-kawasan-cebu.jpg" has "fill" but is missing "sizes" prop. Please add it to improve page performance. Read more: https://nextjs.org/docs/api-reference/next/image#sizes @ http://localhost:3000/_next/static/chunks/9d731_next_dist_80a41f3e._.js:2297
[ 6924293ms] [WARNING] Image with src "/images/cafe/lune-sydney.jpg" has "fill" but is missing "sizes" prop. Please add it to improve page performance. Read more: https://nextjs.org/docs/api-reference/next/image#sizes @ http://localhost:3000/_next/static/chunks/9d731_next_dist_80a41f3e._.js:2297
[ 6924324ms] [WARNING] Image with src "/images/cafe/speedoscafe-bondi-sydney.jpg" has "fill" but is missing "sizes" prop. Please add it to improve page performance. Read more: https://nextjs.org/docs/api-reference/next/image#sizes @ http://localhost:3000/_next/static/chunks/9d731_next_dist_80a41f3e._.js:2297
[ 6924362ms] [WARNING] Image with src "/images/cafe/paramountcoffeeproject-surryhills-sydney.jpg" has "fill" but is missing "sizes" prop. Please add it to improve page performance. Read more: https://nextjs.org/docs/api-reference/next/image#sizes @ http://localhost:3000/_next/static/chunks/9d731_next_dist_80a41f3e._.js:2297
[ 6924419ms] [LOG] [Fast Refresh] rebuilding @ http://localhost:3000/_next/static/chunks/9d731_next_dist_80a41f3e._.js:2297
[ 6924420ms] [LOG] [Fast Refresh] done in 108ms @ http://localhost:3000/_next/static/chunks/9d731_next_dist_80a41f3e._.js:2297
[ 6924443ms] [WARNING] Image with src "/images/cafe/birichina-cafe-bondi-sydney.jpg" has "fill" but is missing "sizes" prop. Please add it to improve page performance. Read more: https://nextjs.org/docs/api-reference/next/image#sizes @ http://localhost:3000/_next/static/chunks/9d731_next_dist_80a41f3e._.js:2297
[ 6924467ms] [WARNING] Image with src "/images/cafe/thebrothers-sydney.jpg" has "fill" but is missing "sizes" prop. Please add it to improve page performance. Read more: https://nextjs.org/docs/api-reference/next/image#sizes @ http://localhost:3000/_next/static/chunks/9d731_next_dist_80a41f3e._.js:2297
[ 6924496ms] [WARNING] Image with src "/images/cafe/theteacosy-therocks-sydney.jpg" has "fill" but is missing "sizes" prop. Please add it to improve page performance. Read more: https://nextjs.org/docs/api-reference/next/image#sizes @ http://localhost:3000/_next/static/chunks/9d731_next_dist_80a41f3e._.js:2297
[ 6924531ms] [WARNING] Image with src "/images/cafe/bills-surryhills-sydney.jpg" has "fill" but is missing "sizes" prop. Please add it to improve page performance. Read more: https://nextjs.org/docs/api-reference/next/image#sizes @ http://localhost:3000/_next/static/chunks/9d731_next_dist_80a41f3e._.js:2297
[ 6924539ms] [LOG] [Fast Refresh] rebuilding @ http://localhost:3000/_next/static/chunks/9d731_next_dist_80a41f3e._.js:2297
[ 6924545ms] [LOG] [Fast Refresh] done in 109ms @ http://localhost:3000/_next/static/chunks/9d731_next_dist_80a41f3e._.js:2297
[ 6924572ms] [WARNING] Image with src "/images/cafe/two-good-eggs-cafe-surryhills.jpg" has "fill" but is missing "sizes" prop. Please add it to improve page performance. Read more: https://nextjs.org/docs/api-reference/next/image#sizes @ http://localhost:3000/_next/static/chunks/9d731_next_dist_80a41f3e._.js:2297
[ 6924694ms] [WARNING] Image with src "/images/cafe/singleo-surryhills-sydney.jpg" has "fill" but is missing "sizes" prop. Please add it to improve page performance. Read more: https://nextjs.org/docs/api-reference/next/image#sizes @ http://localhost:3000/_next/static/chunks/9d731_next_dist_80a41f3e._.js:2297
[ 7127835ms] [LOG] [Fast Refresh] rebuilding @ http://localhost:3000/_next/static/chunks/9d731_next_dist_80a41f3e._.js:2297
[ 7127900ms] [LOG] [Fast Refresh] done in 124ms @ http://localhost:3000/_next/static/chunks/9d731_next_dist_80a41f3e._.js:2297
[ 7147788ms] [LOG] [Fast Refresh] rebuilding @ http://localhost:3000/_next/static/chunks/9d731_next_dist_80a41f3e._.js:2297
[ 7147852ms] [LOG] [Fast Refresh] done in 139ms @ http://localhost:3000/_next/static/chunks/9d731_next_dist_80a41f3e._.js:2297
[ 7266713ms] [LOG] [Fast Refresh] rebuilding @ http://localhost:3000/_next/static/chunks/9d731_next_dist_80a41f3e._.js:2297
[ 7266769ms] [LOG] [Fast Refresh] done in 55ms @ http://localhost:3000/_next/static/chunks/9d731_next_dist_80a41f3e._.js:2297
[ 7273613ms] [LOG] [Fast Refresh] rebuilding @ http://localhost:3000/_next/static/chunks/9d731_next_dist_80a41f3e._.js:2297
[ 7273729ms] [LOG] [Fast Refresh] done in 217ms @ http://localhost:3000/_next/static/chunks/9d731_next_dist_80a41f3e._.js:2297
[ 7273914ms] [INFO] %cDownload the React DevTools for a better development experience: https://react.dev/link/react-devtools font-weight:bold @ http://localhost:3000/_next/static/chunks/9d731_next_dist_80a41f3e._.js:2297
[ 7274007ms] [LOG] [HMR] connected @ http://localhost:3000/_next/static/chunks/9d731_next_dist_80a41f3e._.js:2297
[ 7280910ms] [LOG] [Fast Refresh] rebuilding @ http://localhost:3000/_next/static/chunks/9d731_next_dist_80a41f3e._.js:2297
[ 7280930ms] [LOG] [Fast Refresh] done in 58ms @ http://localhost:3000/_next/static/chunks/9d731_next_dist_80a41f3e._.js:2297
[ 7302783ms] [LOG] [Fast Refresh] rebuilding @ http://localhost:3000/_next/static/chunks/9d731_next_dist_80a41f3e._.js:2297
[ 7302805ms] [LOG] [Fast Refresh] done in 58ms @ http://localhost:3000/_next/static/chunks/9d731_next_dist_80a41f3e._.js:2297
[ 7315946ms] [LOG] [Fast Refresh] rebuilding @ http://localhost:3000/_next/static/chunks/9d731_next_dist_80a41f3e._.js:2297
[ 7315965ms] [LOG] [Fast Refresh] done in 60ms @ http://localhost:3000/_next/static/chunks/9d731_next_dist_80a41f3e._.js:2297
[ 8540639ms] [LOG] [Fast Refresh] rebuilding @ http://localhost:3000/_next/static/chunks/9d731_next_dist_80a41f3e._.js:2297
[ 8540697ms] [LOG] [Fast Refresh] done in 52ms @ http://localhost:3000/_next/static/chunks/9d731_next_dist_80a41f3e._.js:2297
[ 8617827ms] [LOG] [Fast Refresh] rebuilding @ http://localhost:3000/_next/static/chunks/9d731_next_dist_80a41f3e._.js:2297
[ 8617913ms] [LOG] [Fast Refresh] done in 199ms @ http://localhost:3000/_next/static/chunks/9d731_next_dist_80a41f3e._.js:2297
[ 8746725ms] [LOG] [Fast Refresh] rebuilding @ http://localhost:3000/_next/static/chunks/9d731_next_dist_80a41f3e._.js:2297
[ 8746783ms] [LOG] [Fast Refresh] done in 50ms @ http://localhost:3000/_next/static/chunks/9d731_next_dist_80a41f3e._.js:2297
[ 8894662ms] [LOG] [Fast Refresh] rebuilding @ http://localhost:3000/_next/static/chunks/9d731_next_dist_80a41f3e._.js:2297
[ 8894724ms] [LOG] [Fast Refresh] done in 48ms @ http://localhost:3000/_next/static/chunks/9d731_next_dist_80a41f3e._.js:2297
[ 9026446ms] [LOG] [Fast Refresh] rebuilding @ http://localhost:3000/_next/static/chunks/9d731_next_dist_80a41f3e._.js:2297
[ 9026508ms] [LOG] [Fast Refresh] done in 46ms @ http://localhost:3000/_next/static/chunks/9d731_next_dist_80a41f3e._.js:2297
[ 9033777ms] [LOG] [Fast Refresh] rebuilding @ http://localhost:3000/_next/static/chunks/9d731_next_dist_80a41f3e._.js:2297
[ 9033832ms] [LOG] [Fast Refresh] done in 53ms @ http://localhost:3000/_next/static/chunks/9d731_next_dist_80a41f3e._.js:2297
[ 9056617ms] [LOG] [Fast Refresh] rebuilding @ http://localhost:3000/_next/static/chunks/9d731_next_dist_80a41f3e._.js:2297
[ 9056719ms] [LOG] [Fast Refresh] done in 203ms @ http://localhost:3000/_next/static/chunks/9d731_next_dist_80a41f3e._.js:2297
[ 9056859ms] [INFO] %cDownload the React DevTools for a better development experience: https://react.dev/link/react-devtools font-weight:bold @ http://localhost:3000/_next/static/chunks/9d731_next_dist_80a41f3e._.js:2297
[ 9056896ms] [LOG] [HMR] connected @ http://localhost:3000/_next/static/chunks/9d731_next_dist_80a41f3e._.js:2297
[ 9093985ms] [LOG] [Fast Refresh] rebuilding @ http://localhost:3000/_next/static/chunks/9d731_next_dist_80a41f3e._.js:2297
[ 9094049ms] [LOG] [Fast Refresh] done in 93ms @ http://localhost:3000/_next/static/chunks/9d731_next_dist_80a41f3e._.js:2297
[ 9154315ms] [LOG] [Fast Refresh] rebuilding @ http://localhost:3000/_next/static/chunks/9d731_next_dist_80a41f3e._.js:2297
[ 9154372ms] [LOG] [Fast Refresh] done in 52ms @ http://localhost:3000/_next/static/chunks/9d731_next_dist_80a41f3e._.js:2297
[ 9165333ms] [LOG] [Fast Refresh] rebuilding @ http://localhost:3000/_next/static/chunks/9d731_next_dist_80a41f3e._.js:2297
[ 9165386ms] [LOG] [Fast Refresh] done in 57ms @ http://localhost:3000/_next/static/chunks/9d731_next_dist_80a41f3e._.js:2297
[ 9239789ms] [LOG] [Fast Refresh] rebuilding @ http://localhost:3000/_next/static/chunks/9d731_next_dist_80a41f3e._.js:2297
[ 9240507ms] [LOG] [Fast Refresh] done in 764ms @ http://localhost:3000/_next/static/chunks/9d731_next_dist_80a41f3e._.js:2297
[ 9262468ms] [LOG] [Fast Refresh] rebuilding @ http://localhost:3000/_next/static/chunks/9d731_next_dist_80a41f3e._.js:2297
[ 9262530ms] [LOG] [Fast Refresh] done in 46ms @ http://localhost:3000/_next/static/chunks/9d731_next_dist_80a41f3e._.js:2297
[ 9471712ms] [LOG] [Fast Refresh] rebuilding @ http://localhost:3000/_next/static/chunks/9d731_next_dist_80a41f3e._.js:2297
[ 9471768ms] [LOG] [Fast Refresh] done in 51ms @ http://localhost:3000/_next/static/chunks/9d731_next_dist_80a41f3e._.js:2297
[ 9502469ms] [LOG] [Fast Refresh] rebuilding @ http://localhost:3000/_next/static/chunks/9d731_next_dist_80a41f3e._.js:2297
[ 9502483ms] [LOG] [Fast Refresh] done in 64ms @ http://localhost:3000/_next/static/chunks/9d731_next_dist_80a41f3e._.js:2297
[ 9526920ms] [LOG] [Fast Refresh] rebuilding @ http://localhost:3000/_next/static/chunks/9d731_next_dist_80a41f3e._.js:2297
[ 9526987ms] [LOG] [Fast Refresh] done in 43ms @ http://localhost:3000/_next/static/chunks/9d731_next_dist_80a41f3e._.js:2297
[ 9804253ms] [LOG] [Fast Refresh] rebuilding @ http://localhost:3000/_next/static/chunks/9d731_next_dist_80a41f3e._.js:2297
[ 9804312ms] [LOG] [Fast Refresh] done in 52ms @ http://localhost:3000/_next/static/chunks/9d731_next_dist_80a41f3e._.js:2297
[ 9846438ms] [LOG] [Fast Refresh] rebuilding @ http://localhost:3000/_next/static/chunks/9d731_next_dist_80a41f3e._.js:2297
[ 9846495ms] [LOG] [Fast Refresh] done in 54ms @ http://localhost:3000/_next/static/chunks/9d731_next_dist_80a41f3e._.js:2297
[10169520ms] [LOG] [Fast Refresh] rebuilding @ http://localhost:3000/_next/static/chunks/9d731_next_dist_80a41f3e._.js:2297
[10170253ms] [LOG] [Fast Refresh] done in 814ms @ http://localhost:3000/_next/static/chunks/9d731_next_dist_80a41f3e._.js:2297
[10243122ms] [LOG] [Fast Refresh] rebuilding @ http://localhost:3000/_next/static/chunks/9d731_next_dist_80a41f3e._.js:2297
[10243183ms] [LOG] [Fast Refresh] done in 45ms @ http://localhost:3000/_next/static/chunks/9d731_next_dist_80a41f3e._.js:2297
[10845280ms] [LOG] [Fast Refresh] rebuilding @ http://localhost:3000/_next/static/chunks/9d731_next_dist_80a41f3e._.js:2297
[10845296ms] [LOG] [Fast Refresh] done in 73ms @ http://localhost:3000/_next/static/chunks/9d731_next_dist_80a41f3e._.js:2297
[11041373ms] [LOG] [HMR] connected @ http://localhost:3000/_next/static/chunks/9d731_next_dist_80a41f3e._.js:2297
[11041483ms] [LOG] [Fast Refresh] rebuilding @ http://localhost:3000/_next/static/chunks/9d731_next_dist_80a41f3e._.js:2297
[11045261ms] [LOG] [Fast Refresh] done in 3879ms @ http://localhost:3000/_next/static/chunks/9d731_next_dist_80a41f3e._.js:2297
[13494324ms] [LOG] [HMR] connected @ http://localhost:3000/_next/static/chunks/9d731_next_dist_80a41f3e._.js:2297
[13494443ms] [LOG] [Fast Refresh] rebuilding @ http://localhost:3000/_next/static/chunks/9d731_next_dist_80a41f3e._.js:2297
[13507732ms] [LOG] [Fast Refresh] done in 13401ms @ http://localhost:3000/_next/static/chunks/9d731_next_dist_80a41f3e._.js:2297
[27033159ms] [LOG] [HMR] connected @ http://localhost:3000/_next/static/chunks/9d731_next_dist_80a41f3e._.js:2297
[30034767ms] [LOG] [HMR] connected @ http://localhost:3000/_next/static/chunks/9d731_next_dist_80a41f3e._.js:2297
[31776719ms] [LOG] [Fast Refresh] rebuilding @ http://localhost:3000/_next/static/chunks/9d731_next_dist_80a41f3e._.js:2297
[31776778ms] [LOG] [Fast Refresh] done in 99ms @ http://localhost:3000/_next/static/chunks/9d731_next_dist_80a41f3e._.js:2297
[31857693ms] [LOG] [Fast Refresh] rebuilding @ http://localhost:3000/_next/static/chunks/9d731_next_dist_80a41f3e._.js:2297
[31857833ms] [LOG] [Fast Refresh] done in 252ms @ http://localhost:3000/_next/static/chunks/9d731_next_dist_80a41f3e._.js:2297
[32093928ms] [LOG] [Fast Refresh] rebuilding @ http://localhost:3000/_next/static/chunks/9d731_next_dist_80a41f3e._.js:2297
[32094399ms] [LOG] [Fast Refresh] done in 540ms @ http://localhost:3000/_next/static/chunks/9d731_next_dist_80a41f3e._.js:2297
[32609558ms] [LOG] [Fast Refresh] rebuilding @ http://localhost:3000/_next/static/chunks/9d731_next_dist_80a41f3e._.js:2297
[32609686ms] [LOG] [Fast Refresh] done in 197ms @ http://localhost:3000/_next/static/chunks/9d731_next_dist_80a41f3e._.js:2297
[32615095ms] [LOG] [Fast Refresh] rebuilding @ http://localhost:3000/_next/static/chunks/9d731_next_dist_80a41f3e._.js:2297
[32615108ms] [LOG] [Fast Refresh] done in 61ms @ http://localhost:3000/_next/static/chunks/9d731_next_dist_80a41f3e._.js:2297
[32623496ms] [LOG] [Fast Refresh] rebuilding @ http://localhost:3000/_next/static/chunks/9d731_next_dist_80a41f3e._.js:2297
[32623612ms] [LOG] [Fast Refresh] done in 193ms @ http://localhost:3000/_next/static/chunks/9d731_next_dist_80a41f3e._.js:2297
[32842334ms] [LOG] [Fast Refresh] rebuilding @ http://localhost:3000/_next/static/chunks/9d731_next_dist_80a41f3e._.js:2297
[32842401ms] [LOG] [Fast Refresh] done in 68ms @ http://localhost:3000/_next/static/chunks/9d731_next_dist_80a41f3e._.js:2297
[32861412ms] [LOG] [Fast Refresh] rebuilding @ http://localhost:3000/_next/static/chunks/9d731_next_dist_80a41f3e._.js:2297
[32861428ms] [LOG] [Fast Refresh] done in 51ms @ http://localhost:3000/_next/static/chunks/9d731_next_dist_80a41f3e._.js:2297
[32876263ms] [LOG] [Fast Refresh] rebuilding @ http://localhost:3000/_next/static/chunks/9d731_next_dist_80a41f3e._.js:2297
[32876329ms] [LOG] [Fast Refresh] done in 49ms @ http://localhost:3000/_next/static/chunks/9d731_next_dist_80a41f3e._.js:2297
[32889010ms] [LOG] [Fast Refresh] rebuilding @ http://localhost:3000/_next/static/chunks/9d731_next_dist_80a41f3e._.js:2297
[32889067ms] [LOG] [Fast Refresh] done in 122ms @ http://localhost:3000/_next/static/chunks/9d731_next_dist_80a41f3e._.js:2297
[32906816ms] [LOG] [Fast Refresh] rebuilding @ http://localhost:3000/_next/static/chunks/9d731_next_dist_80a41f3e._.js:2297
[32906877ms] [LOG] [Fast Refresh] done in 93ms @ http://localhost:3000/_next/static/chunks/9d731_next_dist_80a41f3e._.js:2297
[32925657ms] [LOG] [Fast Refresh] rebuilding @ http://localhost:3000/_next/static/chunks/9d731_next_dist_80a41f3e._.js:2297
[32925724ms] [LOG] [Fast Refresh] done in 126ms @ http://localhost:3000/_next/static/chunks/9d731_next_dist_80a41f3e._.js:2297
[32961872ms] [LOG] [Fast Refresh] rebuilding @ http://localhost:3000/_next/static/chunks/9d731_next_dist_80a41f3e._.js:2297
[32962099ms] [LOG] [Fast Refresh] done in 340ms @ http://localhost:3000/_next/static/chunks/9d731_next_dist_80a41f3e._.js:2297
[33443908ms] [LOG] [Fast Refresh] rebuilding @ http://localhost:3000/_next/static/chunks/9d731_next_dist_80a41f3e._.js:2297
[33443978ms] [LOG] [Fast Refresh] done in 148ms @ http://localhost:3000/_next/static/chunks/9d731_next_dist_80a41f3e._.js:2297
[33549316ms] [LOG] [Fast Refresh] rebuilding @ http://localhost:3000/_next/static/chunks/9d731_next_dist_80a41f3e._.js:2297
[33549697ms] [LOG] [Fast Refresh] done in 483ms @ http://localhost:3000/_next/static/chunks/9d731_next_dist_80a41f3e._.js:2297
[33605348ms] [LOG] [Fast Refresh] rebuilding @ http://localhost:3000/_next/static/chunks/9d731_next_dist_80a41f3e._.js:2297
[33605475ms] [LOG] [Fast Refresh] done in 188ms @ http://localhost:3000/_next/static/chunks/9d731_next_dist_80a41f3e._.js:2297
[33934255ms] [LOG] [Fast Refresh] rebuilding @ http://localhost:3000/_next/static/chunks/9d731_next_dist_80a41f3e._.js:2297
[33934318ms] [LOG] [Fast Refresh] done in 96ms @ http://localhost:3000/_next/static/chunks/9d731_next_dist_80a41f3e._.js:2297
[34049047ms] [LOG] [Fast Refresh] rebuilding @ http://localhost:3000/_next/static/chunks/9d731_next_dist_80a41f3e._.js:2297
[34049119ms] [LOG] [Fast Refresh] done in 45ms @ http://localhost:3000/_next/static/chunks/9d731_next_dist_80a41f3e._.js:2297
[34254778ms] [LOG] [Fast Refresh] rebuilding @ http://localhost:3000/_next/static/chunks/9d731_next_dist_80a41f3e._.js:2297
[34254843ms] [LOG] [Fast Refresh] done in 48ms @ http://localhost:3000/_next/static/chunks/9d731_next_dist_80a41f3e._.js:2297
[34264881ms] [LOG] [Fast Refresh] rebuilding @ http://localhost:3000/_next/static/chunks/9d731_next_dist_80a41f3e._.js:2297
[34264906ms] [LOG] [Fast Refresh] done in 56ms @ http://localhost:3000/_next/static/chunks/9d731_next_dist_80a41f3e._.js:2297
[34325862ms] [LOG] [Fast Refresh] rebuilding @ http://localhost:3000/_next/static/chunks/9d731_next_dist_80a41f3e._.js:2297
[34325872ms] [LOG] [Fast Refresh] done in 116ms @ http://localhost:3000/_next/static/chunks/9d731_next_dist_80a41f3e._.js:2297
